// Jest Snapshot v1, https://goo.gl/fbAQLP

exports[`renders correctly 1`] = `
<RCTSafeAreaView
  emulateUnlessSupported={true}
  style={
    Array [
      Object {
        "backgroundColor": "#F9FAFB",
        "flex": 1,
      },
      Array [
        Object {
          "backgroundColor": "#FFFFFF",
        },
        undefined,
      ],
      Object {},
    ]
  }
  testID=""
>
  <View
    style={
      Array [
        Object {
          "backgroundColor": "#F9FAFB",
          "flex": 1,
        },
        Object {
          "backgroundColor": "#F9FAFB",
        },
      ]
    }
  >
    <View
      style={
        Object {
          "flex": 1,
          "paddingHorizontal": 16,
        }
      }
    >
      <View
        style={
          Array [
            Object {
              "alignItems": "center",
              "flex": 0.5,
              "justifyContent": "flex-end",
              "paddingBottom": 60,
            },
            undefined,
          ]
        }
      >
        <Image
          resizeMode="contain"
          source={
            Object {
              "testUri": "../../../src/assets/images/img_ticker_success.png",
            }
          }
          style={
            Object {
              "height": "42%",
              "width": "42%",
            }
          }
        />
        <View
          style={
            Object {
              "height": 35,
            }
          }
        />
        <View
          style={
            Object {
              "alignItems": "center",
              "width": "100%",
            }
          }
        />
      </View>
      <View
        style={
          Object {
            "flex": 0.5,
            "justifyContent": "flex-start",
            "paddingTop": 60,
          }
        }
      >
        <View
          style={
            Object {
              "height": 16,
            }
          }
        />
      </View>
    </View>
  </View>
</RCTSafeAreaView>
`;
